node=v22.22.0
baseline_head=aa16880c22637bc075f29dd598b42b163140d953

> launchwright@0.2.0-dev.10 test
> node --test --test-concurrency=1 tests/*.test.mjs

TAP version 13
# (node:3143558) ExperimentalWarning: SQLite is an experimental feature and might change at any time
# (Use `node --trace-warnings ...` to show where the warning was created)
# Subtest: authenticated discovery describes the public contract without claiming external authority
ok 1 - authenticated discovery describes the public contract without claiming external authority
  ---
  duration_ms: 93.921597
  type: 'test'
  ...
# Subtest: event pagination is frozen to its first durable watermark
ok 2 - event pagination is frozen to its first durable watermark
  ---
  duration_ms: 107.675531
  type: 'test'
  ...
# Subtest: public eventPages preserves one snapshot while new commits continue
ok 3 - public eventPages preserves one snapshot while new commits continue
  ---
  duration_ms: 79.907414
  type: 'test'
  ...
# Subtest: duplicate request identity creates one durable event and one domain mutation
ok 4 - duplicate request identity creates one durable event and one domain mutation
  ---
  duration_ms: 66.171779
  type: 'test'
  ...
# Subtest: invalid event snapshots fail closed and deep links carry only explicit resource IDs
ok 5 - invalid event snapshots fail closed and deep links carry only explicit resource IDs
  ---
  duration_ms: 59.976554
  type: 'test'
  ...
# (node:3143572) ExperimentalWarning: SQLite is an experimental feature and might change at any time
# (Use `node --trace-warnings ...` to show where the warning was created)
# Subtest: candidate v2 seals target, contract, channel and rights references into its digest
ok 6 - candidate v2 seals target, contract, channel and rights references into its digest
  ---
  duration_ms: 116.347603
  type: 'test'
  ...
# Subtest: changing a protected ReleaseContract or ChannelProfile invalidates the frozen candidate
ok 7 - changing a protected ReleaseContract or ChannelProfile invalidates the frozen candidate
  ---
  duration_ms: 114.889057
  type: 'test'
  ...
# Subtest: partial channel package requires candidate policy and explicit omissions
ok 8 - partial channel package requires candidate policy and explicit omissions
  ---
  duration_ms: 113.841142
  type: 'test'
  ...
# Subtest: candidate pins localization source and glossary revisions without fabricating final-language PASS
ok 9 - candidate pins localization source and glossary revisions without fabricating final-language PASS
  ---
  duration_ms: 110.645287
  type: 'test'
  ...
# Subtest: late review for an older candidate never approves a newer candidate
ok 10 - late review for an older candidate never approves a newer candidate
  ---
  duration_ms: 113.349338
  type: 'test'
  ...
# Subtest: latest decision from a reviewer supersedes that reviewer without deleting history
ok 11 - latest decision from a reviewer supersedes that reviewer without deleting history
  ---
  duration_ms: 102.116744
  type: 'test'
  ...
# Subtest: review refuses a candidate after any protected input changes
ok 12 - review refuses a candidate after any protected input changes
  ---
  duration_ms: 89.444882
  type: 'test'
  ...
# Subtest: editorial quorum counts distinct latest reviewer identities
ok 13 - editorial quorum counts distinct latest reviewer identities
  ---
  duration_ms: 109.184079
  type: 'test'
  ...
# (node:3143586) ExperimentalWarning: SQLite is an experimental feature and might change at any time
# (Use `node --trace-warnings ...` to show where the warning was created)
# Subtest: RS-CAP-01 observed capture requires Platform correlation and native receipt digest
ok 14 - RS-CAP-01 observed capture requires Platform correlation and native receipt digest
  ---
  duration_ms: 92.821917
  type: 'test'
  ...
# Subtest: RS-CAP-02 and RS-CAP-03 readiness or ambiguous anchors block observed success
ok 15 - RS-CAP-02 and RS-CAP-03 readiness or ambiguous anchors block observed success
  ---
  duration_ms: 76.409256
  type: 'test'
  ...
# Subtest: RS-CAP-04 and RS-CAP-05 target drift and demo-data relabeling fail closed
ok 16 - RS-CAP-04 and RS-CAP-05 target drift and demo-data relabeling fail closed
  ---
  duration_ms: 73.144395
  type: 'test'
  ...
# Subtest: RS-CAP-07 and RS-CAP-08 mutable capture requires scoped auth and bounded cleanup
ok 17 - RS-CAP-07 and RS-CAP-08 mutable capture requires scoped auth and bounded cleanup
  ---
  duration_ms: 75.157317
  type: 'test'
  ...
# Subtest: RS-CAP-06 sanitized derivatives preserve source relation without manufacturing PASS
ok 18 - RS-CAP-06 sanitized derivatives preserve source relation without manufacturing PASS
  ---
  duration_ms: 96.937654
  type: 'test'
  ...
# Subtest: RS-CAP-09 capture segments are ordered and non-overlapping
ok 19 - RS-CAP-09 capture segments are ordered and non-overlapping
  ---
  duration_ms: 82.183439
  type: 'test'
  ...
# Subtest: RS-CAP-10 generated illustration can never become observed product state
ok 20 - RS-CAP-10 generated illustration can never become observed product state
  ---
  duration_ms: 77.000435
  type: 'test'
  ...
# (node:3143596) ExperimentalWarning: SQLite is an experimental feature and might change at any time
# (Use `node --trace-warnings ...` to show where the warning was created)
# Subtest: proposal is immutable intent and does not edit human-owned copy
ok 21 - proposal is immutable intent and does not edit human-owned copy
  ---
  duration_ms: 83.535953
  type: 'test'
  ...
# Subtest: human copy cannot be applied without explicit acknowledgement
ok 22 - human copy cannot be applied without explicit acknowledgement
  ---
  duration_ms: 80.038083
  type: 'test'
  ...
# Subtest: managed CopyBlock proposal still requires an explicit apply operation but not a human-content waiver
ok 23 - managed CopyBlock proposal still requires an explicit apply operation but not a human-content waiver
  ---
  duration_ms: 83.28639
  type: 'test'
  ...
# Subtest: newer edits make an older proposal stale instead of being force-overwritten
ok 24 - newer edits make an older proposal stale instead of being force-overwritten
  ---
  duration_ms: 88.011542
  type: 'test'
  ...
# Subtest: applying a whole-document proposal requires acknowledgement and invalidates old artifact/candidate pins
ok 25 - applying a whole-document proposal requires acknowledgement and invalidates old artifact/candidate pins
  ---
  duration_ms: 106.700308
  type: 'test'
  ...
# (node:3143610) ExperimentalWarning: SQLite is an experimental feature and might change at any time
# (Use `node --trace-warnings ...` to show where the warning was created)
# Subtest: private channel bundle is deterministic and includes exact manifests plus artifact bytes
ok 26 - private channel bundle is deterministic and includes exact manifests plus artifact bytes
  ---
  duration_ms: 113.968242
  type: 'test'
  ...
# Subtest: delivery outcome keeps the same reconstructable private bundle without implying publication
ok 27 - delivery outcome keeps the same reconstructable private bundle without implying publication
  ---
  duration_ms: 90.824004
  type: 'test'
  ...
# Subtest: zip builder rejects unsafe names and duplicate entries
ok 28 - zip builder rejects unsafe names and duplicate entries
  ---
  duration_ms: 1.5981
  type: 'test'
  ...
# Subtest: default browser-style fetch keeps the global receiver instead of LaunchwrightClient
ok 29 - default browser-style fetch keeps the global receiver instead of LaunchwrightClient
  ---
  duration_ms: 1.604387
  type: 'test'
  ...
# (node:3143628) ExperimentalWarning: SQLite is an experimental feature and might change at any time
# (Use `node --trace-warnings ...` to show where the warning was created)
# Subtest: portable snapshot restores durable identities and bytes but disables old mutation receipts
ok 30 - portable snapshot restores durable identities and bytes but disables old mutation receipts
  ---
  duration_ms: 153.954337
  type: 'test'
  ...
# Subtest: snapshot digest rejects modified portable content
ok 31 - snapshot digest rejects modified portable content
  ---
  duration_ms: 72.994559
  type: 'test'
  ...
# Subtest: capture receipts preserve provenance without manufacturing technical PASS
ok 32 - capture receipts preserve provenance without manufacturing technical PASS
  ---
  duration_ms: 93.250272
  type: 'test'
  ...
# Subtest: capture execution requires an explicitly approved source
ok 33 - capture execution requires an explicitly approved source
  ---
  duration_ms: 70.561298
  type: 'test'
  ...
# Subtest: heuristic PASS remains UNKNOWN and a waiver preserves a recorded failure
ok 34 - heuristic PASS remains UNKNOWN and a waiver preserves a recorded failure
  ---
  duration_ms: 97.995541
  type: 'test'
  ...
# Subtest: canonical verifier PASS is only admitted behind the explicit owner capability
ok 35 - canonical verifier PASS is only admitted behind the explicit owner capability
  ---
  duration_ms: 68.288406
  type: 'test'
  ...
# Subtest: channel packaging freezes exact bytes separately from external delivery state
ok 36 - channel packaging freezes exact bytes separately from external delivery state
  ---
  duration_ms: 94.542792
  type: 'test'
  ...
# (node:3143653) ExperimentalWarning: SQLite is an experimental feature and might change at any time
# (Use `node --trace-warnings ...` to show where the warning was created)
# Subtest: same canonical dispatcher persists identities and opaque revisions
ok 37 - same canonical dispatcher persists identities and opaque revisions
  ---
  duration_ms: 76.394644
  type: 'test'
  ...
# Subtest: equivalent duplicate mutation returns exact historical receipt without another event
ok 38 - equivalent duplicate mutation returns exact historical receipt without another event
  ---
  duration_ms: 49.484673
  type: 'test'
  ...
# Subtest: same key with a different body is conflict, even when new digest is valid
ok 39 - same key with a different body is conflict, even when new digest is valid
  ---
  duration_ms: 52.247473
  type: 'test'
  ...
# Subtest: tampered exact digest is rejected before mutation
ok 40 - tampered exact digest is rejected before mutation
  ---
  duration_ms: 45.665084
  type: 'test'
  ...
# Subtest: stale workspace CAS is enforced inside transaction
ok 41 - stale workspace CAS is enforced inside transaction
  ---
  duration_ms: 51.047008
  type: 'test'
  ...
# Subtest: read-only and reviewer principals cannot mutate author content
ok 42 - read-only and reviewer principals cannot mutate author content
  ---
  duration_ms: 69.418175
  type: 'test'
  ...
# Subtest: recipients cannot forge a reviewer by adding a body field
ok 43 - recipients cannot forge a reviewer by adding a body field
  ---
  duration_ms: 97.819028
  type: 'test'
  ...
# Subtest: recovery binds principal and digest and never resends
ok 44 - recovery binds principal and digest and never resends
  ---
  duration_ms: 53.503947
  type: 'test'
  ...
# Subtest: unknown recovery is UNKNOWN, not an invented success
ok 45 - unknown recovery is UNKNOWN, not an invented success
  ---
  duration_ms: 49.066705
  type: 'test'
  ...
# Subtest: epoch rotation prevents replay after receipt retention
ok 46 - epoch rotation prevents replay after receipt retention
  ---
  duration_ms: 53.10547
  type: 'test'
  ...
# Subtest: cancelled invocation makes no effects
ok 47 - cancelled invocation makes no effects
  ---
  duration_ms: 44.288889
  type: 'test'
  ...
# Subtest: all observation pages are complete and snapshot-bound
ok 48 - all observation pages are complete and snapshot-bound
  ---
  duration_ms: 69.604877
  type: 'test'
  ...
# Subtest: mutating between pages makes the old cursor stale
ok 49 - mutating between pages makes the old cursor stale
  ---
  duration_ms: 72.688623
  type: 'test'
  ...
# Subtest: cursor page-size changes are rejected
ok 50 - cursor page-size changes are rejected
  ---
  duration_ms: 64.112525
  type: 'test'
  ...
# Subtest: invalid reference or cross-product input rolls back all effects
ok 51 - invalid reference or cross-product input rolls back all effects
  ---
  duration_ms: 84.273243
  type: 'test'
  ...
# Subtest: moving a resource to another parent is forbidden
ok 52 - moving a resource to another parent is forbidden
  ---
  duration_ms: 89.759798
  type: 'test'
  ...
# Subtest: target locale, plan and flags remain distinct from editorial locale
ok 53 - target locale, plan and flags remain distinct from editorial locale
  ---
  duration_ms: 66.450445
  type: 'test'
  ...
# Subtest: source query secrets and URL userinfo are rejected
ok 54 - source query secrets and URL userinfo are rejected
  ---
  duration_ms: 73.448769
  type: 'test'
  ...
# Subtest: arbitrary executable fields are not accepted as a scenario
ok 55 - arbitrary executable fields are not accepted as a scenario
  ---
  duration_ms: 65.255845
  type: 'test'
  ...
# Subtest: safe HTML render cannot execute author-supplied markup
ok 56 - safe HTML render cannot execute author-supplied markup
  ---
  duration_ms: 75.211282
  type: 'test'
  ...
# Subtest: artifact hashes are verified against persisted bytes
ok 57 - artifact hashes are verified against persisted bytes
  ---
  duration_ms: 79.692946
  type: 'test'
  ...
# Subtest: artifacts and candidates cannot be edited as generic entities
ok 58 - artifacts and candidates cannot be edited as generic entities
  ---
  duration_ms: 86.792897
  type: 'test'
  ...
# Subtest: candidate hash binds destination and review contract
ok 59 - candidate hash binds destination and review contract
  ---
  duration_ms: 75.862954
  type: 'test'
  ...
# Subtest: stale text artifacts cannot be frozen into a candidate
ok 60 - stale text artifacts cannot be frozen into a candidate
  ---
  duration_ms: 69.548993
  type: 'test'
  ...
# Subtest: human edit after freezing invalidates review and delivery
ok 61 - human edit after freezing invalidates review and delivery
  ---
  duration_ms: 79.282665
  type: 'test'
  ...
# Subtest: private draft requires explicit acknowledgment and matching approval
ok 62 - private draft requires explicit acknowledgment and matching approval
  ---
  duration_ms: 72.42669
  type: 'test'
  ...
# Subtest: alias CAS prevents overwriting a newer private destination
ok 63 - alias CAS prevents overwriting a newer private destination
  ---
  duration_ms: 78.123344
  type: 'test'
  ...
# Subtest: old LTS artifact remains pinned after new source revision
ok 64 - old LTS artifact remains pinned after new source revision
  ---
  duration_ms: 76.81462
  type: 'test'
  ...
# Subtest: imported PASS cannot become native technical evidence
ok 65 - imported PASS cannot become native technical evidence
  ---
  duration_ms: 60.610668
  type: 'test'
  ...
# Subtest: claim availability requires evidence beyond pixels or imported provenance
ok 66 - claim availability requires evidence beyond pixels or imported provenance
  ---
  duration_ms: 58.570506
  type: 'test'
  ...
# Subtest: template parameter allowlist and output escaping survive a second product
ok 67 - template parameter allowlist and output escaping survive a second product
  ---
  duration_ms: 80.766635
  type: 'test'
  ...
# Subtest: VTT enforces non-overlap and integer timing
ok 68 - VTT enforces non-overlap and integer timing
  ---
  duration_ms: 71.78214
  type: 'test'
  ...
# Subtest: VTT real bytes preserve millisecond timing and escape cue markup
ok 69 - VTT real bytes preserve millisecond timing and escape cue markup
  ---
  duration_ms: 64.491712
  type: 'test'
  ...
# Subtest: Platform intent is not an executed job or cost authority
ok 70 - Platform intent is not an executed job or cost authority
  ---
  duration_ms: 60.685399
  type: 'test'
  ...
# Subtest: Platform pending request can be claimed only once, unknown is not resendable
ok 71 - Platform pending request can be claimed only once, unknown is not resendable
  ---
  duration_ms: 67.071163
  type: 'test'
  ...
# Subtest: external publication intent requires explicit per-intent consent
ok 72 - external publication intent requires explicit per-intent consent
  ---
  duration_ms: 61.541164
  type: 'test'
  ...
# (node:3143680) ExperimentalWarning: SQLite is an experimental feature and might change at any time
# (Use `node --trace-warnings ...` to show where the warning was created)
# Subtest: localization pins source and glossary revisions and exposes unverified layout honestly
ok 73 - localization pins source and glossary revisions and exposes unverified layout honestly
  ---
  duration_ms: 91.516364
  type: 'test'
  ...
# Subtest: RTL mismatch, unresolved font rights and missing critical terminology fail closed
ok 74 - RTL mismatch, unresolved font rights and missing critical terminology fail closed
  ---
  duration_ms: 83.745185
  type: 'test'
  ...
# Subtest: source edits make translation stale and explicit rebase is required
ok 75 - source edits make translation stale and explicit rebase is required
  ---
  duration_ms: 87.779618
  type: 'test'
  ...
# Subtest: localization target must preserve the source audience context
ok 76 - localization target must preserve the source audience context
  ---
  duration_ms: 81.755173
  type: 'test'
  ...
# Subtest: profile preflight is contract-only and requires explicit execution capability
ok 77 - profile preflight is contract-only and requires explicit execution capability
  ---
  duration_ms: 142.365975
  type: 'test'
  ...
# Subtest: extension discovery stores bounded descriptors and never turns them into executable code
ok 78 - extension discovery stores bounded descriptors and never turns them into executable code
  ---
  duration_ms: 50.064949
  type: 'test'
  ...
# Subtest: compatibility locks detect retired extension drift and major negotiation never silently succeeds
ok 79 - compatibility locks detect retired extension drift and major negotiation never silently succeeds
  ---
  duration_ms: 685.827171
  type: 'test'
  ...
# (node:3143703) ExperimentalWarning: SQLite is an experimental feature and might change at any time
# (Use `node --trace-warnings ...` to show where the warning was created)
# Subtest: durable history stores exact entity revisions and computes bounded diffs
ok 80 - durable history stores exact entity revisions and computes bounded diffs
  ---
  duration_ms: 1156.483878
  type: 'test'
  ...
# Subtest: portable snapshot v2 preserves exact revision history and keeps old receipts inactive
ok 81 - portable snapshot v2 preserves exact revision history and keeps old receipts inactive
  ---
  duration_ms: 1955.041419
  type: 'test'
  ...
# Subtest: snapshot v1 restore keeps only known current revisions and never fabricates history
ok 82 - snapshot v1 restore keeps only known current revisions and never fabricates history
  ---
  duration_ms: 2180.484238
  type: 'test'
  ...
# Subtest: legacy migration backfills only the current revision and blocks mutation until explicit migration
ok 83 - legacy migration backfills only the current revision and blocks mutation until explicit migration
  ---
  duration_ms: 1266.068055
  type: 'test'
  ...
# Subtest: core Native profile exposes the same history records as the full application
ok 84 - core Native profile exposes the same history records as the full application
  ---
  duration_ms: 923.581207
  type: 'test'
  ...
# (node:3143831) ExperimentalWarning: SQLite is an experimental feature and might change at any time
# (Use `node --trace-warnings ...` to show where the warning was created)
# Subtest: external public client creates and reads using only documented HTTP surface
ok 85 - external public client creates and reads using only documented HTTP surface
  ---
  duration_ms: 848.805548
  type: 'test'
  ...
# Subtest: unauthenticated API access is denied but login assets are available
ok 86 - unauthenticated API access is denied but login assets are available
  ---
  duration_ms: 727.77705
  type: 'test'
  ...
# Subtest: DNS rebinding Host and cross-origin POST are denied
ok 87 - DNS rebinding Host and cross-origin POST are denied
  ---
  duration_ms: 729.385359
  type: 'test'
  ...
# Subtest: query tokens, traversal and unexpected routes are not accepted
ok 88 - query tokens, traversal and unexpected routes are not accepted
  ---
  duration_ms: 808.254048
  type: 'test'
  ...
# Subtest: local session creates HttpOnly SameSite cookie and cookie login works
ok 89 - local session creates HttpOnly SameSite cookie and cookie login works
  ---
  duration_ms: 708.598821
  type: 'test'
  ...
# Subtest: wrong local token does not set a cookie
ok 90 - wrong local token does not set a cookie
  ---
  duration_ms: 1055.463631
  type: 'test'
  ...
# Subtest: prepared HTTP intent can recover after caller loses original reply
ok 91 - prepared HTTP intent can recover after caller loses original reply
  ---
  duration_ms: 808.969665
  type: 'test'
  ...
# Subtest: bounded bodies and malformed JSON are rejected without effects
ok 92 - bounded bodies and malformed JSON are rejected without effects
  ---
  duration_ms: 754.886977
  type: 'test'
  ...
# Subtest: read route cannot be used as a mutation bypass
ok 93 - read route cannot be used as a mutation bypass
  ---
  duration_ms: 64.303669
  type: 'test'
  ...
# Subtest: artifact downloads recheck bytes, set attachment and keep strict CSP
ok 94 - artifact downloads recheck bytes, set attachment and keep strict CSP
  ---
  duration_ms: 110.000185
  type: 'test'
  ...
# Subtest: stored pending custody completes before the only outgoing invoke
ok 95 - stored pending custody completes before the only outgoing invoke
  ---
  duration_ms: 62.245488
  type: 'test'
  ...
# Subtest: failed pending persistence aborts before network mutation
ok 96 - failed pending persistence aborts before network mutation
  ---
  duration_ms: 49.370251
  type: 'test'
  ...
# Subtest: private channel bundle download is authenticated, deterministic and cache-addressed
ok 97 - private channel bundle download is authenticated, deterministic and cache-addressed
  ---
  duration_ms: 103.461107
  type: 'test'
  ...
# (node:3143916) ExperimentalWarning: SQLite is an experimental feature and might change at any time
# (Use `node --trace-warnings ...` to show where the warning was created)
# Subtest: RS-MED-01 and RS-MED-09 use canonical Composition/media-time contracts without a local clock kernel
ok 98 - RS-MED-01 and RS-MED-09 use canonical Composition/media-time contracts without a local clock kernel
  ---
  duration_ms: 151.682235
  type: 'test'
  ...
# Subtest: RS-MED-02 and RS-MED-03 revisions preserve sources and identify reusable variants
ok 99 - RS-MED-02 and RS-MED-03 revisions preserve sources and identify reusable variants
  ---
  duration_ms: 124.827211
  type: 'test'
  ...
# Subtest: RS-MED-04 and RS-MED-06 reject fake footage and unsafe interactive sources
ok 100 - RS-MED-04 and RS-MED-06 reject fake footage and unsafe interactive sources
  ---
  duration_ms: 109.752358
  type: 'test'
  ...
# Subtest: RS-MED-05 claim changes invalidate narration/captions through versioned pins
ok 101 - RS-MED-05 claim changes invalidate narration/captions through versioned pins
  ---
  duration_ms: 128.356297
  type: 'test'
  ...
# Subtest: RS-MED-07 alternate backends must declare fidelity losses instead of silent equivalence
ok 102 - RS-MED-07 alternate backends must declare fidelity losses instead of silent equivalence
  ---
  duration_ms: 122.129094
  type: 'test'
  ...
# Subtest: RS-MED-08 technically admitted media remains editorially pending
ok 103 - RS-MED-08 technically admitted media remains editorially pending
  ---
  duration_ms: 114.289196
  type: 'test'
  ...
# Subtest: RS-MED-10 video, screenshot series and interactive demo require independent canonical receipts
ok 104 - RS-MED-10 video, screenshot series and interactive demo require independent canonical receipts
  ---
  duration_ms: 138.474799
  type: 'test'
  ...
# (node:3143933) ExperimentalWarning: SQLite is an experimental feature and might change at any time
# (Use `node --trace-warnings ...` to show where the warning was created)
# Subtest: split native profiles preserve canonical mutation transactions across one workspace
ok 105 - split native profiles preserve canonical mutation transactions across one workspace
  ---
  duration_ms: 180.030363
  type: 'test'
  ...
# (node:3143947) ExperimentalWarning: SQLite is an experimental feature and might change at any time
# (Use `node --trace-warnings ...` to show where the warning was created)
# Subtest: vendored public Native SDK source files match the canonical archive lock
ok 106 - vendored public Native SDK source files match the canonical archive lock
  ---
  duration_ms: 2.180551
  type: 'test'
  ...
# Subtest: native driver command aliases adapt actual SDK args to the same application transaction
ok 107 - native driver command aliases adapt actual SDK args to the same application transaction
  ---
  duration_ms: 66.83449
  type: 'test'
  ...
# Subtest: actual canonical bridge emits one valid reply frame in a separate Node process
ok 108 - actual canonical bridge emits one valid reply frame in a separate Node process
  ---
  duration_ms: 115.050307
  type: 'test'
  ...
# Subtest: bridge rejects bad schema before opening an uninitialized data root
ok 109 - bridge rejects bad schema before opening an uninitialized data root
  ---
  duration_ms: 66.737124
  type: 'test'
  ...
# Subtest: canonical exact digest is key-order invariant and rejects non-integer floats
ok 110 - canonical exact digest is key-order invariant and rejects non-integer floats
  ---
  duration_ms: 1.603546
  type: 'test'
  ...
# Subtest: canonical SDK JSON budgets reject oversized, cyclic and accessor input
ok 111 - canonical SDK JSON budgets reject oversized, cyclic and accessor input
  ---
  duration_ms: 5.78563
  type: 'test'
  ...
# Subtest: native profiles cover every public application operation exactly once
ok 112 - native profiles cover every public application operation exactly once
  ---
  duration_ms: 1.333867
  type: 'test'
  ...
# (node:3143968) ExperimentalWarning: SQLite is an experimental feature and might change at any time
# (Use `node --trace-warnings ...` to show where the warning was created)
# Subtest: adapter contract simulation saves exported record before one send
ok 113 - adapter contract simulation saves exported record before one send
  ---
  duration_ms: 97.086728
  type: 'test'
  ...
# Subtest: adapter contract simulation preserves unknown and recovery never resends
ok 114 - adapter contract simulation preserves unknown and recovery never resends
  ---
  duration_ms: 83.622959
  type: 'test'
  ...
# Subtest: recipe execution requires configured Platform budget enforcement
ok 115 - recipe execution requires configured Platform budget enforcement
  ---
  duration_ms: 64.498385
  type: 'test'
  ...
# Subtest: missing owner SDK configuration fails closed
ok 116 - missing owner SDK configuration fails closed
  ---
  duration_ms: 75.758685
  type: 'test'
  ...
# (node:3143977) ExperimentalWarning: SQLite is an experimental feature and might change at any time
# (Use `node --trace-warnings ...` to show where the warning was created)
# Subtest: RS-PUB-01/04 ReleaseTemplate drafts remain editable while ProductVersion and deployment stay pinned
ok 117 - RS-PUB-01/04 ReleaseTemplate drafts remain editable while ProductVersion and deployment stay pinned
  ---
  duration_ms: 131.992086
  type: 'test'
  ...
# Subtest: RS-PUB-02 rejects URL/path semantics, out-of-scope values and direct publish.invoke work preparation
ok 118 - RS-PUB-02 rejects URL/path semantics, out-of-scope values and direct publish.invoke work preparation
  ---
  duration_ms: 96.108094
  type: 'test'
  ...
# Subtest: RS-PUB-03/05 consumer scope can use the product without owner workspace read and consumers cannot inspect each other invocations
ok 119 - RS-PUB-03/05 consumer scope can use the product without owner workspace read and consumers cannot inspect each other invocations
  ---
  duration_ms: 98.139662
  type: 'test'
  ...
# Subtest: RS-PUB-07 same consumer attempt key deduplicates invocation and work while conflicting input fails
ok 120 - RS-PUB-07 same consumer attempt key deduplicates invocation and work while conflicting input fails
  ---
  duration_ms: 99.397954
  type: 'test'
  ...
# Subtest: RS-PUB-06 retirement blocks new invocations but preserves prior result custody and inspection
ok 121 - RS-PUB-06 retirement blocks new invocations but preserves prior result custody and inspection
  ---
  duration_ms: 119.569672
  type: 'test'
  ...
# Subtest: RS-PUB-08 export excludes authority and import requires explicit local rebind/recheck
ok 122 - RS-PUB-08 export excludes authority and import requires explicit local rebind/recheck
  ---
  duration_ms: 157.27967
  type: 'test'
  ...
# Subtest: RS-PUB-01/07 canonical Platform adapter accepts only an exact bound publication intent and sends it once
ok 123 - RS-PUB-01/07 canonical Platform adapter accepts only an exact bound publication intent and sends it once
  ---
  duration_ms: 95.352203
  type: 'test'
  ...
# Subtest: RS-PUB-04 bound outbound work becomes stale if its deployment lifecycle changes before send
ok 124 - RS-PUB-04 bound outbound work becomes stale if its deployment lifecycle changes before send
  ---
  duration_ms: 94.38168
  type: 'test'
  ...
# (node:3143991) ExperimentalWarning: SQLite is an experimental feature and might change at any time
# (Use `node --trace-warnings ...` to show where the warning was created)
# Subtest: external source requires approved purpose before it can be registered
ok 125 - external source requires approved purpose before it can be registered
  ---
  duration_ms: 61.196716
  type: 'test'
  ...
# Subtest: build snapshot identity is distinct from release label and survives release edits
ok 126 - build snapshot identity is distinct from release label and survives release edits
  ---
  duration_ms: 83.496459
  type: 'test'
  ...
# Subtest: declared unavailability deterministically blocks an availability claim without manufacturing PASS
ok 127 - declared unavailability deterministically blocks an availability claim without manufacturing PASS
  ---
  duration_ms: 75.89516
  type: 'test'
  ...
# Subtest: Claim changes invalidate artifacts linked through CopyBlocks even if pixels were not compared
ok 128 - Claim changes invalidate artifacts linked through CopyBlocks even if pixels were not compared
  ---
  duration_ms: 115.772574
  type: 'test'
  ...
# Subtest: ReleaseContract exposes a real readiness denominator without treating UNKNOWN claims as verified
ok 129 - ReleaseContract exposes a real readiness denominator without treating UNKNOWN claims as verified
  ---
  duration_ms: 76.817907
  type: 'test'
  ...
# Subtest: anchor assessment rejects ambiguous cardinality instead of selecting an arbitrary match
ok 130 - anchor assessment rejects ambiguous cardinality instead of selecting an arbitrary match
  ---
  duration_ms: 71.934211
  type: 'test'
  ...
# Subtest: impact plan is an immutable proposal and creates no jobs or execution authority
ok 131 - impact plan is an immutable proposal and creates no jobs or execution authority
  ---
  duration_ms: 71.51946
  type: 'test'
  ...
# Subtest: retiring a resource preserves identity as a redacted tombstone and invalidates pinned outputs
ok 132 - retiring a resource preserves identity as a redacted tombstone and invalidates pinned outputs
  ---
  duration_ms: 85.379462
  type: 'test'
  ...
# Subtest: parent retirement is blocked while active children still reference it
ok 133 - parent retirement is blocked while active children still reference it
  ---
  duration_ms: 60.381393
  type: 'test'
  ...
# Subtest: explicit relations preserve provenance and heuristic edges cannot become observed or complete by serialization
ok 134 - explicit relations preserve provenance and heuristic edges cannot become observed or complete by serialization
  ---
  duration_ms: 65.177775
  type: 'test'
  ...
1..134
# tests 134
# suites 0
# pass 134
# fail 0
# cancelled 0
# skipped 0
# todo 0
# duration_ms 26129.846372
