
  dist/core.esbuild.cjs  44.8kb

⚡ Done in 7ms
core: 45506 bytes 2ee2091acfbbc3a376dae04e53619b2d25d3145a7c94d68c011e18804a3b7059

  dist/production.esbuild.cjs  44.9kb

⚡ Done in 8ms
production: 45664 bytes 4378469abbb44afe2ef3d06922774cc07980154c268bab334c532be939a5eae4

  dist/review.esbuild.cjs  48.3kb

⚡ Done in 6ms
review: 49114 bytes 08b339a9feb2b74e5ed20ab2f6cc0b486df7c3453ab3314472b640f8fcfd6d8d

  dist/integrations.esbuild.cjs  45.4kb

⚡ Done in 6ms
integrations: 46200 bytes a60bac7168c0f26884e6bafeaad5557d56d4d9557d07919bfa3c52b510ce5333

  dist/work.esbuild.cjs  31.3kb

⚡ Done in 6ms
work: 31787 bytes 89bdf7ad0ba3e2cc0d04fe2c641ab0892e2267a3bf3da59608beefa29a20b430

  dist/media.esbuild.cjs  39.1kb

⚡ Done in 9ms
media: 39718 bytes 4c0b6efc9bd2010cd9472a8aff163310c3966322f59937a8732ab398fe56b144

  dist/publish.esbuild.cjs  47.5kb

⚡ Done in 9ms
publish: 48218 bytes 5eb923fce83f0b1eea72788e3d6f04cea3995a7ec89eac6986b12d4e1dfeb541
Native profile partition: 69 operations across 7 bundles.
(node:3535423) ExperimentalWarning: SQLite is an experimental feature and might change at any time
(Use `node --trace-warnings ...` to show where the warning was created)
