
  dist/core.esbuild.cjs  47.1kb

⚡ Done in 6ms
core: 47758 bytes e6944587e907258fb3cca560589d8b2ae81a6f88f370be966dda5f831df64e24

  dist/production.esbuild.cjs  43.2kb

⚡ Done in 6ms
production: 44001 bytes f9e53953c077efcbb497f9cb3d7aff625074bb11f32d9d3753a67e92768163de

  dist/review.esbuild.cjs  46.8kb

⚡ Done in 8ms
review: 47553 bytes bbb265d83e01e2c2399765bbe4ba39044016b3879c4742f7f1f6eea8d18e5cd4

  dist/integrations.esbuild.cjs  46.3kb

⚡ Done in 9ms
integrations: 47068 bytes 40c9720d3deb7db019976413db51673eb924934ca463a22a48f038bfb5dc313b

  dist/work.esbuild.cjs  29.7kb

⚡ Done in 7ms
work: 30126 bytes 62bf7cb01b026b595f3b609bd4cea167b7d86e59b5191883187da2283dae7d93

  dist/media.esbuild.cjs  37.5kb

⚡ Done in 10ms
media: 38048 bytes f12da7a7ed9f63cd74f5bf3a2c63beb4c7757dbedb1c53a1135e002331903b56

  dist/publish.esbuild.cjs  45.9kb

⚡ Done in 8ms
publish: 46552 bytes 2d753a5b250d846291cfafb39e64b9ce243869b855ae84bb827faa7f06711876
Native profile partition: 66 operations across 7 bundles.
(node:3216319) ExperimentalWarning: SQLite is an experimental feature and might change at any time
(Use `node --trace-warnings ...` to show where the warning was created)
