
  dist/core.esbuild.cjs  43.9kb

⚡ Done in 6ms
core: 44633 bytes 8c765484bd4a173214ad3719aa46e106fccf8a51bf499a8c3a7bbd6425393b2b

  dist/sources.esbuild.cjs  25.1kb

⚡ Done in 6ms
sources: 25312 bytes 15eb2a7ad8346e28aa96393c0fa3ad7a82cbef4d7400a25923fd23a8b30f548b

  dist/graph.esbuild.cjs  25.8kb

⚡ Done in 9ms
graph: 26175 bytes c5f030043e8605f5f07df765d86b9b05606a07ee10e5620a4ff151d922908952

  dist/effects.esbuild.cjs  29.3kb

⚡ Done in 8ms
effects: 29742 bytes d516c1b8c4699914c3e8a287e48568e20c7e5e10204aebe92353e8719594326c

  dist/production.esbuild.cjs  46.7kb

⚡ Done in 13ms
production: 47573 bytes 762ec5b870f3ff37f133fd59e812d23de9b0419dc22bf517de035cfa24229dc2

  dist/review.esbuild.cjs  44.2kb

⚡ Done in 12ms
review: 44908 bytes 280516f0fcde53a405b413432343c024c83e188cf37a035b127d96c4c6f05481

  dist/verification.esbuild.cjs  32.2kb

⚡ Done in 6ms
verification: 32628 bytes dc6d247fe401c5910da0ed29acd88b7258f181979c03043f32b3b2615f8d9b70

  dist/integrations.esbuild.cjs  47.7kb

⚡ Done in 9ms
integrations: 48512 bytes 4fe0a56593dd8341367ce9d6c07f3b2a2980644284b4a460f02c3af1801232e9

  dist/work.esbuild.cjs  34.9kb

⚡ Done in 6ms
work: 35421 bytes ed4d296c68c92c90507c7c674b358d0fc2fa8be526c42b81fd33bc189f778bf5

  dist/media.esbuild.cjs  41.0kb

⚡ Done in 8ms
media: 41599 bytes 186a24c947aa3de7f97134d28138cd67bfa13548465c938a4c6e48c652dd6ecb

  dist/publish.esbuild.cjs  46.2kb

⚡ Done in 13ms
publish: 46944 bytes 4acb28833f5a0dc84a0cba091ddc1addc926ae87298fb2407cb1b2f69d175c63
Native profile partition: 71 operations across 11 bundles.
(node:3404219) ExperimentalWarning: SQLite is an experimental feature and might change at any time
(Use `node --trace-warnings ...` to show where the warning was created)
