
  dist/core.esbuild.cjs  44.8kb

⚡ Done in 6ms
core: 45595 bytes 3b28dbe5e961f118b0aa9bc18e945bb3498c8d3ad7e24f906e43aea7035c4129

  dist/production.esbuild.cjs  44.9kb

⚡ Done in 14ms
production: 45734 bytes 6e603df3291477018d32a2da1b6b7241cf7c26ffcc184ccea74c49f47c6e3758

  dist/review.esbuild.cjs  48.4kb

⚡ Done in 7ms
review: 49129 bytes 79129dbe212a4ffe41cc609c3fa04726f43f1cb14356fa86fbf78b744191e2eb

  dist/integrations.esbuild.cjs  31.4kb

⚡ Done in 7ms
integrations: 31825 bytes 849dd4a5b79c39783d2522ed14565990d2d3e90b810426f8ecb14e3b638fff58

  dist/extensions.esbuild.cjs  41.6kb

⚡ Done in 10ms
extensions: 42300 bytes 9dfd2a35283282dbc01ea25a2178c329bb7748e2c8ef267aefca908b926a062d

  dist/work.esbuild.cjs  31.4kb

⚡ Done in 7ms
work: 31857 bytes 1bd3527e5d9ae70ba119965b2290e544a660e2caaa9125b8eb6f77398177662f

  dist/media.esbuild.cjs  39.2kb

⚡ Done in 11ms
media: 39788 bytes 67631ce43a41d9a5de89ac43e5683c38bdf8469bd60ae31c3f72c161a75c8e18

  dist/publish.esbuild.cjs  47.5kb

⚡ Done in 6ms
publish: 48288 bytes 76ebeaed72201c1177d5dcd9a068208f485d55638af80b39f0437a95ab3bb75d
Native profile partition: 71 operations across 8 bundles.
(node:3613591) ExperimentalWarning: SQLite is an experimental feature and might change at any time
(Use `node --trace-warnings ...` to show where the warning was created)
