
  dist/core.esbuild.cjs  44.8kb

⚡ Done in 9ms
core: 45595 bytes 73c3d2a0415256a6b6b5d7d84363555c261c3a3cb81b5e2f782f9e8c36b881a4

  dist/production.esbuild.cjs  44.9kb

⚡ Done in 10ms
production: 45734 bytes 8c684b962128423b64d23f6464b4797feeac160df6572d798ff9cf4c9f726df2

  dist/review.esbuild.cjs  48.4kb

⚡ Done in 7ms
review: 49129 bytes 5a010d589cf9043da988c91af37ba97eb7f9a9dcdc4dc727cd14c0ee457a20b8

  dist/integrations.esbuild.cjs  31.4kb

⚡ Done in 6ms
integrations: 31825 bytes 447cb981964bca19a9db2f065b1bd5da27005b57fc4a6458c642810f0af2eea5

  dist/extensions.esbuild.cjs  41.6kb

⚡ Done in 9ms
extensions: 42300 bytes 8f98f2832fe2890399fd525162acff32ab963bd2c2217ef896712767207a51da

  dist/work.esbuild.cjs  31.4kb

⚡ Done in 7ms
work: 31857 bytes a0f98937b6c2e9ca8ef55e404b2c4bab39388cc9b0ce4c92b32eccb5c7ea8920

  dist/media.esbuild.cjs  39.2kb

⚡ Done in 7ms
media: 39788 bytes 292514735921ba7875cc4fee6c5b2f64c8ca9b4ca342a856d8afa28c785542ef

  dist/publish.esbuild.cjs  47.5kb

⚡ Done in 8ms
publish: 48288 bytes 278d633679e8e23c94d895c093934964852120be4cb26b38a6a09e2dcad1b2a6
Native profile partition: 71 operations across 8 bundles.
(node:3599136) ExperimentalWarning: SQLite is an experimental feature and might change at any time
(Use `node --trace-warnings ...` to show where the warning was created)
