TAP version 13
# (node:3843800) ExperimentalWarning: SQLite is an experimental feature and might change at any time
# (Use `node --trace-warnings ...` to show where the warning was created)
# Subtest: Launchwright graph contract lock equals the checked-in canonical projection
ok 1 - Launchwright graph contract lock equals the checked-in canonical projection
  ---
  duration_ms: 1.797547
  type: 'test'
  ...
# Subtest: caller data cannot self-promote a Platform response into canonical Graph authority
ok 2 - caller data cannot self-promote a Platform response into canonical Graph authority
  ---
  duration_ms: 76.618439
  type: 'test'
  ...
# Subtest: trusted Graph profile records immutable admitted projection and release impact consumes it
ok 3 - trusted Graph profile records immutable admitted projection and release impact consumes it
  ---
  duration_ms: 98.704023
  type: 'test'
  ...
# Subtest: bounded Graph projection rejects hidden impact nodes instead of leaking a private dependency path
ok 4 - bounded Graph projection rejects hidden impact nodes instead of leaking a private dependency path
  ---
  duration_ms: 82.529593
  type: 'test'
  ...
# Subtest: cycles are accepted only as already-bounded canonical reports and never traversed by Launchwright
ok 5 - cycles are accepted only as already-bounded canonical reports and never traversed by Launchwright
  ---
  duration_ms: 73.667645
  type: 'test'
  ...
# Subtest: unknown frontier survives incomplete inventory and percentages stay scoped to visible denominator
ok 6 - unknown frontier survives incomplete inventory and percentages stay scoped to visible denominator
  ---
  duration_ms: 79.499668
  type: 'test'
  ...
# Subtest: observed local relation must be backed by the exact admitted canonical Graph edge
ok 7 - observed local relation must be backed by the exact admitted canonical Graph edge
  ---
  duration_ms: 83.415619
  type: 'test'
  ...
# Subtest: heuristic relation never clears canonical uncertainty or upgrades itself to observed
ok 8 - heuristic relation never clears canonical uncertainty or upgrades itself to observed
  ---
  duration_ms: 64.194013
  type: 'test'
  ...
# Subtest: reuse key binds target toolchain fixture templates verifier tenant rights permissions and final delivery check
ok 9 - reuse key binds target toolchain fixture templates verifier tenant rights permissions and final delivery check
  ---
  duration_ms: 93.133352
  type: 'test'
  ...
# Subtest: impact proposals remain authority-free and coalescing preserves exact changed revisions
ok 10 - impact proposals remain authority-free and coalescing preserves exact changed revisions
  ---
  duration_ms: 75.995648
  type: 'test'
  ...
# Subtest: rebuild receipt partitions exact proposal revisions and final package verification cannot be skipped
ok 11 - rebuild receipt partitions exact proposal revisions and final package verification cannot be skipped
  ---
  duration_ms: 94.192171
  type: 'test'
  ...
# Subtest: R19 Host lane stays pinned to the canonical Semwright source lock
ok 12 - R19 Host lane stays pinned to the canonical Semwright source lock
  ---
  duration_ms: 2.094239
  type: 'test'
  ...
# Subtest: R19 Host harness requires real Broker policy and a Host-mediated Node runtime
ok 13 - R19 Host harness requires real Broker policy and a Host-mediated Node runtime
  ---
  duration_ms: 0.339158
  type: 'test'
  ...
# Subtest: R19 evidence cannot promote Host acceptance into external Platform authority
ok 14 - R19 evidence cannot promote Host acceptance into external Platform authority
  ---
  duration_ms: 0.234323
  type: 'test'
  ...
# Subtest: R20 Host harness exercises extension lifecycle without promoting external fixture execution
ok 15 - R20 Host harness exercises extension lifecycle without promoting external fixture execution
  ---
  duration_ms: 0.261212
  type: 'test'
  ...
# Subtest: R21 Host harness executes canonical Project Graph and records the bounded Native projection
ok 16 - R21 Host harness executes canonical Project Graph and records the bounded Native projection
  ---
  duration_ms: 0.415774
  type: 'test'
  ...
1..16
# tests 16
# suites 0
# pass 16
# fail 0
# cancelled 0
# skipped 0
# todo 0
# duration_ms 922.115306
